// Jest Snapshot v1, https://goo.gl/fbAQLP

exports[`MobileTradeContainer: default 1`] = `null`;
